// Jest Snapshot v1, https://goo.gl/fbAQLP

exports[`props display object props 1`] = `
{
  "alpha": 1,
  "buttonMode": false,
  "cacheAsBitmap": false,
  "cursor": null,
  "filterArea": null,
  "filters": null,
  "hitArea": null,
  "interactive": false,
  "mask": null,
  "pivot": 0,
  "position": 0,
  "renderable": true,
  "rotation": 0,
  "scale": 1,
  "skew": 0,
  "transform": null,
  "visible": true,
  "x": 0,
  "y": 0,
}
`;

exports[`props reserved props 1`] = `
{
  "children": true,
  "groupAlpha": true,
  "groupBlendMode": true,
  "groupColor": true,
  "groupColorAlpha": true,
  "groupTransform": true,
  "groupVisibleRenderable": true,
  "includeInBuild": true,
  "isSimple": true,
  "localAlpha": true,
  "localBlendMode": true,
  "localColor": true,
  "localTransform": true,
  "localVisibleRenderable": true,
  "measurable": true,
  "parent": true,
  "relativeGroupTransform": true,
  "renderPipeId": true,
  "updateTick": true,
  "worldTransform": true,
  "worldVisible": true,
}
`;
